TimeQuest Timing Analyzer report for Final
Fri Nov 18 00:56:51 2022
Quartus II 64-Bit Version 13.0.0 Build 156 04/24/2013 SJ Full Version


---------------------
; Table of Contents ;
---------------------
  1. Legal Notice
  2. TimeQuest Timing Analyzer Summary
  3. Parallel Compilation
  4. Clocks
  5. Slow Model Fmax Summary
  6. Slow Model Setup Summary
  7. Slow Model Hold Summary
  8. Slow Model Recovery Summary
  9. Slow Model Removal Summary
 10. Slow Model Minimum Pulse Width Summary
 11. Propagation Delay
 12. Minimum Propagation Delay
 13. Fast Model Setup Summary
 14. Fast Model Hold Summary
 15. Fast Model Recovery Summary
 16. Fast Model Removal Summary
 17. Fast Model Minimum Pulse Width Summary
 18. Propagation Delay
 19. Minimum Propagation Delay
 20. Multicorner Timing Analysis Summary
 21. Progagation Delay
 22. Minimum Progagation Delay
 23. Clock Transfers
 24. Report TCCS
 25. Report RSKM
 26. Unconstrained Paths
 27. TimeQuest Timing Analyzer Messages



----------------
; Legal Notice ;
----------------
Copyright (C) 1991-2013 Altera Corporation
Your use of Altera Corporation's design tools, logic functions 
and other software and tools, and its AMPP partner logic 
functions, and any output files from any of the foregoing 
(including device programming or simulation files), and any 
associated documentation or information are expressly subject 
to the terms and conditions of the Altera Program License 
Subscription Agreement, Altera MegaCore Function License 
Agreement, or other applicable license agreement, including, 
without limitation, that your use is for the sole purpose of 
programming logic devices manufactured by Altera and sold by 
Altera or its authorized distributors.  Please refer to the 
applicable agreement for further details.



+--------------------------------------------------------------------------+
; TimeQuest Timing Analyzer Summary                                        ;
+--------------------+-----------------------------------------------------+
; Quartus II Version ; Version 13.0.0 Build 156 04/24/2013 SJ Full Version ;
; Revision Name      ; Final                                               ;
; Device Family      ; Cyclone II                                          ;
; Device Name        ; EP2C5Q208C8                                         ;
; Timing Models      ; Final                                               ;
; Delay Model        ; Combined                                            ;
; Rise/Fall Delays   ; Unavailable                                         ;
+--------------------+-----------------------------------------------------+


+------------------------------------------+
; Parallel Compilation                     ;
+----------------------------+-------------+
; Processors                 ; Number      ;
+----------------------------+-------------+
; Number detected on machine ; 8           ;
; Maximum allowed            ; 4           ;
;                            ;             ;
; Average used               ; 1.00        ;
; Maximum used               ; 1           ;
;                            ;             ;
; Usage by Processor         ; % Time Used ;
;     Processor 1            ; 100.0%      ;
;     Processors 2-8         ;   0.0%      ;
+----------------------------+-------------+


----------
; Clocks ;
----------
No clocks to report.


---------------------------
; Slow Model Fmax Summary ;
---------------------------
No paths to report.


----------------------------
; Slow Model Setup Summary ;
----------------------------
No paths to report.


---------------------------
; Slow Model Hold Summary ;
---------------------------
No paths to report.


-------------------------------
; Slow Model Recovery Summary ;
-------------------------------
No paths to report.


------------------------------
; Slow Model Removal Summary ;
------------------------------
No paths to report.


------------------------------------------
; Slow Model Minimum Pulse Width Summary ;
------------------------------------------
No paths to report.


+--------------------------------------------------------------+
; Propagation Delay                                            ;
+------------+-------------+--------+--------+--------+--------+
; Input Port ; Output Port ; RR     ; RF     ; FR     ; FF     ;
+------------+-------------+--------+--------+--------+--------+
; KEY0       ; DIG0        ; 12.867 ;        ;        ; 12.867 ;
; KEY0       ; DIG1        ;        ; 12.787 ; 12.787 ;        ;
; KEY0       ; DIG2        ; 12.489 ;        ;        ; 12.489 ;
; KEY0       ; DIG3        ;        ; 12.915 ; 12.915 ;        ;
; KEY0       ; LED0        ; 12.624 ;        ;        ; 12.624 ;
; KEY0       ; LED1        ;        ; 12.628 ; 12.628 ;        ;
; KEY0       ; LED2        ; 13.070 ;        ;        ; 13.070 ;
; KEY0       ; LED3        ;        ; 12.962 ; 12.962 ;        ;
; KEY0       ; a           ; 15.672 ; 15.672 ; 15.672 ; 15.672 ;
; KEY0       ; b           ; 15.365 ; 15.365 ; 15.365 ; 15.365 ;
; KEY0       ; c           ; 15.768 ; 15.768 ; 15.768 ; 15.768 ;
; KEY0       ; d           ; 15.931 ; 15.931 ; 15.931 ; 15.931 ;
; KEY0       ; e           ; 15.927 ; 15.927 ; 15.927 ; 15.927 ;
; KEY0       ; f           ; 15.374 ; 15.374 ; 15.374 ; 15.374 ;
; KEY0       ; g           ; 15.384 ; 15.384 ; 15.384 ; 15.384 ;
; KEY1       ; DIG0        ; 12.348 ;        ;        ; 12.348 ;
; KEY1       ; DIG1        ; 12.354 ;        ;        ; 12.354 ;
; KEY1       ; DIG2        ;        ; 11.603 ; 11.603 ;        ;
; KEY1       ; DIG3        ;        ; 12.362 ; 12.362 ;        ;
; KEY1       ; LED0        ; 12.550 ;        ;        ; 12.550 ;
; KEY1       ; LED1        ; 12.594 ;        ;        ; 12.594 ;
; KEY1       ; LED2        ;        ; 12.170 ; 12.170 ;        ;
; KEY1       ; LED3        ;        ; 12.149 ; 12.149 ;        ;
; KEY1       ; a           ; 15.111 ; 15.213 ; 15.213 ; 15.111 ;
; KEY1       ; b           ; 14.423 ; 14.906 ; 14.906 ; 14.423 ;
; KEY1       ; c           ; 15.309 ; 14.829 ; 14.829 ; 15.309 ;
; KEY1       ; d           ; 15.472 ; 15.472 ; 15.472 ; 15.472 ;
; KEY1       ; e           ; 14.976 ; 15.468 ; 15.468 ; 14.976 ;
; KEY1       ; f           ; 14.915 ; 14.427 ; 14.427 ; 14.915 ;
; KEY1       ; g           ; 14.817 ; 14.925 ; 14.925 ; 14.817 ;
; M0         ; LED1        ; 14.000 ;        ;        ; 14.000 ;
; M0         ; LED2        ; 19.027 ; 19.027 ; 19.027 ; 19.027 ;
; M0         ; LED3        ; 19.005 ; 19.005 ; 19.005 ; 19.005 ;
; M0         ; a           ; 23.704 ; 23.704 ; 23.704 ; 23.704 ;
; M0         ; b           ; 23.354 ; 23.354 ; 23.354 ; 23.354 ;
; M0         ; c           ; 23.729 ; 23.729 ; 23.729 ; 23.729 ;
; M0         ; d           ; 23.970 ; 23.970 ; 23.970 ; 23.970 ;
; M0         ; e           ; 23.967 ; 23.967 ; 23.967 ; 23.967 ;
; M0         ; f           ; 23.416 ; 23.416 ; 23.416 ; 23.416 ;
; M0         ; g           ; 23.423 ; 23.423 ; 23.423 ; 23.423 ;
; M1         ; LED1        ; 13.626 ;        ;        ; 13.626 ;
; M1         ; LED2        ; 18.652 ; 18.652 ; 18.652 ; 18.652 ;
; M1         ; LED3        ; 18.630 ; 18.630 ; 18.630 ; 18.630 ;
; M1         ; a           ; 23.329 ; 23.329 ; 23.329 ; 23.329 ;
; M1         ; b           ; 22.979 ; 22.979 ; 22.979 ; 22.979 ;
; M1         ; c           ; 23.354 ; 23.354 ; 23.354 ; 23.354 ;
; M1         ; d           ; 23.595 ; 23.595 ; 23.595 ; 23.595 ;
; M1         ; e           ; 23.592 ; 23.592 ; 23.592 ; 23.592 ;
; M1         ; f           ; 23.041 ; 23.041 ; 23.041 ; 23.041 ;
; M1         ; g           ; 23.048 ; 23.048 ; 23.048 ; 23.048 ;
; M2         ; LED1        ; 13.478 ;        ;        ; 13.478 ;
; M2         ; LED2        ; 16.414 ; 16.414 ; 16.414 ; 16.414 ;
; M2         ; LED3        ; 16.392 ; 16.392 ; 16.392 ; 16.392 ;
; M2         ; a           ; 21.091 ; 21.091 ; 21.091 ; 21.091 ;
; M2         ; b           ; 20.741 ; 20.741 ; 20.741 ; 20.741 ;
; M2         ; c           ; 21.116 ; 21.116 ; 21.116 ; 21.116 ;
; M2         ; d           ; 21.357 ; 21.357 ; 21.357 ; 21.357 ;
; M2         ; e           ; 21.354 ; 21.354 ; 21.354 ; 21.354 ;
; M2         ; f           ; 20.803 ; 20.803 ; 20.803 ; 20.803 ;
; M2         ; g           ; 20.810 ; 20.810 ; 20.810 ; 20.810 ;
; M_Symbol   ; LED1        ; 13.866 ;        ;        ; 13.866 ;
; M_Symbol   ; LED2        ; 18.821 ; 18.821 ; 18.821 ; 18.821 ;
; M_Symbol   ; LED3        ; 18.799 ; 18.799 ; 18.799 ; 18.799 ;
; M_Symbol   ; a           ; 23.498 ; 23.498 ; 23.498 ; 23.498 ;
; M_Symbol   ; b           ; 23.148 ; 23.148 ; 23.148 ; 23.148 ;
; M_Symbol   ; c           ; 23.523 ; 23.523 ; 23.523 ; 23.523 ;
; M_Symbol   ; d           ; 23.764 ; 23.764 ; 23.764 ; 23.764 ;
; M_Symbol   ; e           ; 23.761 ; 23.761 ; 23.761 ; 23.761 ;
; M_Symbol   ; f           ; 23.210 ; 23.210 ; 23.210 ; 23.210 ;
; M_Symbol   ; g           ; 23.217 ; 23.217 ; 23.217 ; 23.217 ;
; N0         ; LED0        ; 13.932 ;        ;        ; 13.932 ;
; N0         ; LED2        ; 19.545 ; 19.545 ; 19.545 ; 19.545 ;
; N0         ; LED3        ; 19.523 ; 19.523 ; 19.523 ; 19.523 ;
; N0         ; a           ; 24.222 ; 24.222 ; 24.222 ; 24.222 ;
; N0         ; b           ; 23.872 ; 23.872 ; 23.872 ; 23.872 ;
; N0         ; c           ; 24.247 ; 24.247 ; 24.247 ; 24.247 ;
; N0         ; d           ; 24.488 ; 24.488 ; 24.488 ; 24.488 ;
; N0         ; e           ; 24.485 ; 24.485 ; 24.485 ; 24.485 ;
; N0         ; f           ; 23.934 ; 23.934 ; 23.934 ; 23.934 ;
; N0         ; g           ; 23.941 ; 23.941 ; 23.941 ; 23.941 ;
; N1         ; LED0        ; 13.510 ;        ;        ; 13.510 ;
; N1         ; LED2        ; 19.122 ; 19.122 ; 19.122 ; 19.122 ;
; N1         ; LED3        ; 19.100 ; 19.100 ; 19.100 ; 19.100 ;
; N1         ; a           ; 23.799 ; 23.799 ; 23.799 ; 23.799 ;
; N1         ; b           ; 23.449 ; 23.449 ; 23.449 ; 23.449 ;
; N1         ; c           ; 23.824 ; 23.824 ; 23.824 ; 23.824 ;
; N1         ; d           ; 24.065 ; 24.065 ; 24.065 ; 24.065 ;
; N1         ; e           ; 24.062 ; 24.062 ; 24.062 ; 24.062 ;
; N1         ; f           ; 23.511 ; 23.511 ; 23.511 ; 23.511 ;
; N1         ; g           ; 23.518 ; 23.518 ; 23.518 ; 23.518 ;
; N2         ; LED0        ; 13.928 ;        ;        ; 13.928 ;
; N2         ; LED2        ; 15.557 ; 15.557 ; 15.557 ; 15.557 ;
; N2         ; LED3        ; 15.535 ; 15.535 ; 15.535 ; 15.535 ;
; N2         ; a           ; 20.234 ; 20.234 ; 20.234 ; 20.234 ;
; N2         ; b           ; 19.884 ; 19.884 ; 19.884 ; 19.884 ;
; N2         ; c           ; 20.259 ; 20.259 ; 20.259 ; 20.259 ;
; N2         ; d           ; 20.500 ; 20.500 ; 20.500 ; 20.500 ;
; N2         ; e           ; 20.497 ; 20.497 ; 20.497 ; 20.497 ;
; N2         ; f           ; 19.946 ; 19.946 ; 19.946 ; 19.946 ;
; N2         ; g           ; 19.953 ; 19.953 ; 19.953 ; 19.953 ;
; N_Symbol   ; LED0        ; 13.631 ;        ;        ; 13.631 ;
; N_Symbol   ; LED2        ; 19.253 ; 19.253 ; 19.253 ; 19.253 ;
; N_Symbol   ; LED3        ; 19.231 ; 19.231 ; 19.231 ; 19.231 ;
; N_Symbol   ; a           ; 23.930 ; 23.930 ; 23.930 ; 23.930 ;
; N_Symbol   ; b           ; 23.580 ; 23.580 ; 23.580 ; 23.580 ;
; N_Symbol   ; c           ; 23.955 ; 23.955 ; 23.955 ; 23.955 ;
; N_Symbol   ; d           ; 24.196 ; 24.196 ; 24.196 ; 24.196 ;
; N_Symbol   ; e           ; 24.193 ; 24.193 ; 24.193 ; 24.193 ;
; N_Symbol   ; f           ; 23.642 ; 23.642 ; 23.642 ; 23.642 ;
; N_Symbol   ; g           ; 23.649 ; 23.649 ; 23.649 ; 23.649 ;
+------------+-------------+--------+--------+--------+--------+


+--------------------------------------------------------------+
; Minimum Propagation Delay                                    ;
+------------+-------------+--------+--------+--------+--------+
; Input Port ; Output Port ; RR     ; RF     ; FR     ; FF     ;
+------------+-------------+--------+--------+--------+--------+
; KEY0       ; DIG0        ; 12.867 ;        ;        ; 12.867 ;
; KEY0       ; DIG1        ;        ; 12.787 ; 12.787 ;        ;
; KEY0       ; DIG2        ; 12.489 ;        ;        ; 12.489 ;
; KEY0       ; DIG3        ;        ; 12.915 ; 12.915 ;        ;
; KEY0       ; LED0        ; 12.624 ;        ;        ; 12.624 ;
; KEY0       ; LED1        ;        ; 12.628 ; 12.628 ;        ;
; KEY0       ; LED2        ; 13.070 ;        ;        ; 13.070 ;
; KEY0       ; LED3        ;        ; 12.962 ; 12.962 ;        ;
; KEY0       ; a           ; 13.912 ; 13.892 ; 13.892 ; 13.912 ;
; KEY0       ; b           ; 13.562 ; 13.562 ; 13.562 ; 13.562 ;
; KEY0       ; c           ; 13.937 ; 13.937 ; 13.937 ; 13.937 ;
; KEY0       ; d           ; 14.151 ; 14.151 ; 14.151 ; 14.151 ;
; KEY0       ; e           ; 14.175 ; 14.147 ; 14.147 ; 14.175 ;
; KEY0       ; f           ; 13.594 ; 13.624 ; 13.624 ; 13.594 ;
; KEY0       ; g           ; 13.631 ; 13.604 ; 13.604 ; 13.631 ;
; KEY1       ; DIG0        ; 12.348 ;        ;        ; 12.348 ;
; KEY1       ; DIG1        ; 12.354 ;        ;        ; 12.354 ;
; KEY1       ; DIG2        ;        ; 11.603 ; 11.603 ;        ;
; KEY1       ; DIG3        ;        ; 12.362 ; 12.362 ;        ;
; KEY1       ; LED0        ; 12.550 ;        ;        ; 12.550 ;
; KEY1       ; LED1        ; 12.594 ;        ;        ; 12.594 ;
; KEY1       ; LED2        ;        ; 12.170 ; 12.170 ;        ;
; KEY1       ; LED3        ;        ; 12.149 ; 12.149 ;        ;
; KEY1       ; a           ; 13.000 ; 14.090 ; 14.090 ; 13.000 ;
; KEY1       ; b           ; 12.693 ; 13.778 ; 13.778 ; 12.693 ;
; KEY1       ; c           ; 14.184 ; 13.096 ; 13.096 ; 14.184 ;
; KEY1       ; d           ; 13.259 ; 13.259 ; 13.259 ; 13.259 ;
; KEY1       ; e           ; 13.255 ; 14.331 ; 14.331 ; 13.255 ;
; KEY1       ; f           ; 13.782 ; 12.702 ; 12.702 ; 13.782 ;
; KEY1       ; g           ; 12.712 ; 13.791 ; 13.791 ; 12.712 ;
; M0         ; LED1        ; 14.000 ;        ;        ; 14.000 ;
; M0         ; LED2        ; 15.845 ; 15.845 ; 15.845 ; 15.845 ;
; M0         ; LED3        ; 15.823 ; 15.823 ; 15.823 ; 15.823 ;
; M0         ; a           ; 14.531 ; 14.531 ; 14.531 ; 14.531 ;
; M0         ; b           ; 14.219 ; 14.219 ; 14.219 ; 14.219 ;
; M0         ; c           ; 14.625 ; 14.625 ; 14.625 ; 14.625 ;
; M0         ; d           ; 14.791 ; 14.791 ; 14.791 ; 14.791 ;
; M0         ; e           ; 14.772 ; 14.772 ; 14.772 ; 14.772 ;
; M0         ; f           ; 14.223 ; 14.223 ; 14.223 ; 14.223 ;
; M0         ; g           ; 14.232 ; 14.232 ; 14.232 ; 14.232 ;
; M1         ; LED1        ; 13.626 ;        ;        ; 13.626 ;
; M1         ; LED2        ; 15.471 ; 15.471 ; 15.471 ; 15.471 ;
; M1         ; LED3        ; 15.449 ; 15.449 ; 15.449 ; 15.449 ;
; M1         ; a           ; 15.495 ; 15.762 ; 15.762 ; 15.495 ;
; M1         ; b           ; 15.183 ; 15.183 ; 15.183 ; 15.183 ;
; M1         ; c           ; 15.856 ; 15.589 ; 15.589 ; 15.856 ;
; M1         ; d           ; 15.755 ; 15.755 ; 15.755 ; 15.755 ;
; M1         ; e           ; 15.736 ; 16.003 ; 16.003 ; 15.736 ;
; M1         ; f           ; 15.454 ; 15.187 ; 15.187 ; 15.454 ;
; M1         ; g           ; 15.196 ; 15.196 ; 15.196 ; 15.196 ;
; M2         ; LED1        ; 13.478 ;        ;        ; 13.478 ;
; M2         ; LED2        ; 15.323 ; 15.323 ; 15.323 ; 15.323 ;
; M2         ; LED3        ; 15.301 ; 15.301 ; 15.301 ; 15.301 ;
; M2         ; a           ; 14.976 ; 15.078 ; 15.078 ; 14.976 ;
; M2         ; b           ; 16.472 ; 14.771 ; 14.771 ; 16.472 ;
; M2         ; c           ; 15.174 ; 16.878 ; 16.878 ; 15.174 ;
; M2         ; d           ; 15.337 ; 15.337 ; 15.337 ; 15.337 ;
; M2         ; e           ; 17.025 ; 15.333 ; 15.333 ; 17.025 ;
; M2         ; f           ; 14.678 ; 16.476 ; 16.476 ; 14.678 ;
; M2         ; g           ; 14.682 ; 14.790 ; 14.790 ; 14.682 ;
; M_Symbol   ; LED1        ; 13.866 ;        ;        ; 13.866 ;
; M_Symbol   ; LED2        ; 15.711 ; 15.711 ; 15.711 ; 15.711 ;
; M_Symbol   ; LED3        ; 15.689 ; 15.689 ; 15.689 ; 15.689 ;
; M_Symbol   ; a           ; 15.931 ; 15.931 ; 15.931 ; 15.931 ;
; M_Symbol   ; b           ; 15.619 ; 15.619 ; 15.619 ; 15.619 ;
; M_Symbol   ; c           ; 16.025 ; 16.025 ; 16.025 ; 16.025 ;
; M_Symbol   ; d           ; 16.191 ; 16.191 ; 16.191 ; 16.191 ;
; M_Symbol   ; e           ; 16.172 ; 16.172 ; 16.172 ; 16.172 ;
; M_Symbol   ; f           ; 15.623 ; 15.623 ; 15.623 ; 15.623 ;
; M_Symbol   ; g           ; 15.632 ; 15.632 ; 15.632 ; 15.632 ;
; N0         ; LED0        ; 13.932 ;        ;        ; 13.932 ;
; N0         ; LED2        ; 15.404 ; 15.404 ; 15.404 ; 15.404 ;
; N0         ; LED3        ; 15.382 ; 15.382 ; 15.382 ; 15.382 ;
; N0         ; a           ; 14.814 ; 14.814 ; 14.814 ; 14.814 ;
; N0         ; b           ; 14.464 ; 14.464 ; 14.464 ; 14.464 ;
; N0         ; c           ; 14.839 ; 14.839 ; 14.839 ; 14.839 ;
; N0         ; d           ; 15.080 ; 15.080 ; 15.080 ; 15.080 ;
; N0         ; e           ; 15.077 ; 15.077 ; 15.077 ; 15.077 ;
; N0         ; f           ; 14.526 ; 14.526 ; 14.526 ; 14.526 ;
; N0         ; g           ; 14.533 ; 14.533 ; 14.533 ; 14.533 ;
; N1         ; LED0        ; 13.510 ;        ;        ; 13.510 ;
; N1         ; LED2        ; 14.983 ; 14.983 ; 14.983 ; 14.983 ;
; N1         ; LED3        ; 14.961 ; 14.961 ; 14.961 ; 14.961 ;
; N1         ; a           ; 15.344 ; 16.234 ; 16.234 ; 15.344 ;
; N1         ; b           ; 15.032 ; 15.032 ; 15.032 ; 15.032 ;
; N1         ; c           ; 16.328 ; 15.438 ; 15.438 ; 16.328 ;
; N1         ; d           ; 15.604 ; 15.604 ; 15.604 ; 15.604 ;
; N1         ; e           ; 15.585 ; 16.475 ; 16.475 ; 15.585 ;
; N1         ; f           ; 15.926 ; 15.036 ; 15.036 ; 15.926 ;
; N1         ; g           ; 15.045 ; 15.045 ; 15.045 ; 15.045 ;
; N2         ; LED0        ; 13.928 ;        ;        ; 13.928 ;
; N2         ; LED2        ; 15.400 ; 15.400 ; 15.400 ; 15.400 ;
; N2         ; LED3        ; 15.378 ; 15.378 ; 15.378 ; 15.378 ;
; N2         ; a           ; 15.170 ; 15.272 ; 15.272 ; 15.170 ;
; N2         ; b           ; 16.549 ; 14.965 ; 14.965 ; 16.549 ;
; N2         ; c           ; 15.368 ; 16.955 ; 16.955 ; 15.368 ;
; N2         ; d           ; 15.531 ; 15.531 ; 15.531 ; 15.531 ;
; N2         ; e           ; 17.102 ; 15.527 ; 15.527 ; 17.102 ;
; N2         ; f           ; 14.872 ; 16.553 ; 16.553 ; 14.872 ;
; N2         ; g           ; 14.876 ; 14.984 ; 14.984 ; 14.876 ;
; N_Symbol   ; LED0        ; 13.631 ;        ;        ; 13.631 ;
; N_Symbol   ; LED2        ; 14.520 ; 14.520 ; 14.520 ; 14.520 ;
; N_Symbol   ; LED3        ; 14.498 ; 14.498 ; 14.498 ; 14.498 ;
; N_Symbol   ; a           ; 15.981 ; 15.981 ; 15.981 ; 15.981 ;
; N_Symbol   ; b           ; 15.669 ; 15.669 ; 15.669 ; 15.669 ;
; N_Symbol   ; c           ; 16.075 ; 16.075 ; 16.075 ; 16.075 ;
; N_Symbol   ; d           ; 16.241 ; 16.241 ; 16.241 ; 16.241 ;
; N_Symbol   ; e           ; 16.222 ; 16.222 ; 16.222 ; 16.222 ;
; N_Symbol   ; f           ; 15.673 ; 15.673 ; 15.673 ; 15.673 ;
; N_Symbol   ; g           ; 15.682 ; 15.682 ; 15.682 ; 15.682 ;
+------------+-------------+--------+--------+--------+--------+


----------------------------
; Fast Model Setup Summary ;
----------------------------
No paths to report.


---------------------------
; Fast Model Hold Summary ;
---------------------------
No paths to report.


-------------------------------
; Fast Model Recovery Summary ;
-------------------------------
No paths to report.


------------------------------
; Fast Model Removal Summary ;
------------------------------
No paths to report.


------------------------------------------
; Fast Model Minimum Pulse Width Summary ;
------------------------------------------
No paths to report.


+----------------------------------------------------------+
; Propagation Delay                                        ;
+------------+-------------+-------+-------+-------+-------+
; Input Port ; Output Port ; RR    ; RF    ; FR    ; FF    ;
+------------+-------------+-------+-------+-------+-------+
; KEY0       ; DIG0        ; 5.860 ;       ;       ; 5.860 ;
; KEY0       ; DIG1        ;       ; 5.858 ; 5.858 ;       ;
; KEY0       ; DIG2        ; 5.713 ;       ;       ; 5.713 ;
; KEY0       ; DIG3        ;       ; 5.866 ; 5.866 ;       ;
; KEY0       ; LED0        ; 5.876 ;       ;       ; 5.876 ;
; KEY0       ; LED1        ;       ; 5.880 ; 5.880 ;       ;
; KEY0       ; LED2        ; 6.013 ;       ;       ; 6.013 ;
; KEY0       ; LED3        ;       ; 5.997 ; 5.997 ;       ;
; KEY0       ; a           ; 6.702 ; 6.702 ; 6.702 ; 6.702 ;
; KEY0       ; b           ; 6.610 ; 6.610 ; 6.610 ; 6.610 ;
; KEY0       ; c           ; 6.758 ; 6.758 ; 6.758 ; 6.758 ;
; KEY0       ; d           ; 6.854 ; 6.854 ; 6.854 ; 6.854 ;
; KEY0       ; e           ; 6.851 ; 6.851 ; 6.851 ; 6.851 ;
; KEY0       ; f           ; 6.624 ; 6.624 ; 6.624 ; 6.624 ;
; KEY0       ; g           ; 6.632 ; 6.632 ; 6.632 ; 6.632 ;
; KEY1       ; DIG0        ; 5.690 ;       ;       ; 5.690 ;
; KEY1       ; DIG1        ; 5.693 ;       ;       ; 5.693 ;
; KEY1       ; DIG2        ;       ; 5.462 ; 5.462 ;       ;
; KEY1       ; DIG3        ;       ; 5.701 ; 5.701 ;       ;
; KEY1       ; LED0        ; 5.849 ;       ;       ; 5.849 ;
; KEY1       ; LED1        ; 5.854 ;       ;       ; 5.854 ;
; KEY1       ; LED2        ;       ; 5.752 ; 5.752 ;       ;
; KEY1       ; LED3        ;       ; 5.741 ; 5.741 ;       ;
; KEY1       ; a           ; 6.512 ; 6.559 ; 6.559 ; 6.512 ;
; KEY1       ; b           ; 6.312 ; 6.467 ; 6.467 ; 6.312 ;
; KEY1       ; c           ; 6.604 ; 6.474 ; 6.474 ; 6.604 ;
; KEY1       ; d           ; 6.711 ; 6.711 ; 6.711 ; 6.711 ;
; KEY1       ; e           ; 6.542 ; 6.708 ; 6.708 ; 6.542 ;
; KEY1       ; f           ; 6.481 ; 6.316 ; 6.316 ; 6.481 ;
; KEY1       ; g           ; 6.434 ; 6.489 ; 6.489 ; 6.434 ;
; M0         ; LED1        ; 6.287 ;       ;       ; 6.287 ;
; M0         ; LED2        ; 7.797 ; 7.797 ; 7.797 ; 7.797 ;
; M0         ; LED3        ; 7.784 ; 7.784 ; 7.784 ; 7.784 ;
; M0         ; a           ; 9.023 ; 9.023 ; 9.023 ; 9.023 ;
; M0         ; b           ; 8.935 ; 8.935 ; 8.935 ; 8.935 ;
; M0         ; c           ; 9.077 ; 9.077 ; 9.077 ; 9.077 ;
; M0         ; d           ; 9.179 ; 9.179 ; 9.179 ; 9.179 ;
; M0         ; e           ; 9.177 ; 9.177 ; 9.177 ; 9.177 ;
; M0         ; f           ; 8.956 ; 8.956 ; 8.956 ; 8.956 ;
; M0         ; g           ; 8.962 ; 8.962 ; 8.962 ; 8.962 ;
; M1         ; LED1        ; 6.138 ;       ;       ; 6.138 ;
; M1         ; LED2        ; 7.648 ; 7.648 ; 7.648 ; 7.648 ;
; M1         ; LED3        ; 7.635 ; 7.635 ; 7.635 ; 7.635 ;
; M1         ; a           ; 8.874 ; 8.874 ; 8.874 ; 8.874 ;
; M1         ; b           ; 8.786 ; 8.786 ; 8.786 ; 8.786 ;
; M1         ; c           ; 8.928 ; 8.928 ; 8.928 ; 8.928 ;
; M1         ; d           ; 9.030 ; 9.030 ; 9.030 ; 9.030 ;
; M1         ; e           ; 9.028 ; 9.028 ; 9.028 ; 9.028 ;
; M1         ; f           ; 8.807 ; 8.807 ; 8.807 ; 8.807 ;
; M1         ; g           ; 8.813 ; 8.813 ; 8.813 ; 8.813 ;
; M2         ; LED1        ; 6.111 ;       ;       ; 6.111 ;
; M2         ; LED2        ; 6.993 ; 6.993 ; 6.993 ; 6.993 ;
; M2         ; LED3        ; 6.980 ; 6.980 ; 6.980 ; 6.980 ;
; M2         ; a           ; 8.219 ; 8.219 ; 8.219 ; 8.219 ;
; M2         ; b           ; 8.131 ; 8.131 ; 8.131 ; 8.131 ;
; M2         ; c           ; 8.273 ; 8.273 ; 8.273 ; 8.273 ;
; M2         ; d           ; 8.375 ; 8.375 ; 8.375 ; 8.375 ;
; M2         ; e           ; 8.373 ; 8.373 ; 8.373 ; 8.373 ;
; M2         ; f           ; 8.152 ; 8.152 ; 8.152 ; 8.152 ;
; M2         ; g           ; 8.158 ; 8.158 ; 8.158 ; 8.158 ;
; M_Symbol   ; LED1        ; 6.204 ;       ;       ; 6.204 ;
; M_Symbol   ; LED2        ; 7.676 ; 7.676 ; 7.676 ; 7.676 ;
; M_Symbol   ; LED3        ; 7.663 ; 7.663 ; 7.663 ; 7.663 ;
; M_Symbol   ; a           ; 8.902 ; 8.902 ; 8.902 ; 8.902 ;
; M_Symbol   ; b           ; 8.814 ; 8.814 ; 8.814 ; 8.814 ;
; M_Symbol   ; c           ; 8.956 ; 8.956 ; 8.956 ; 8.956 ;
; M_Symbol   ; d           ; 9.058 ; 9.058 ; 9.058 ; 9.058 ;
; M_Symbol   ; e           ; 9.056 ; 9.056 ; 9.056 ; 9.056 ;
; M_Symbol   ; f           ; 8.835 ; 8.835 ; 8.835 ; 8.835 ;
; M_Symbol   ; g           ; 8.841 ; 8.841 ; 8.841 ; 8.841 ;
; N0         ; LED0        ; 6.277 ;       ;       ; 6.277 ;
; N0         ; LED2        ; 7.935 ; 7.935 ; 7.935 ; 7.935 ;
; N0         ; LED3        ; 7.922 ; 7.922 ; 7.922 ; 7.922 ;
; N0         ; a           ; 9.161 ; 9.161 ; 9.161 ; 9.161 ;
; N0         ; b           ; 9.073 ; 9.073 ; 9.073 ; 9.073 ;
; N0         ; c           ; 9.215 ; 9.215 ; 9.215 ; 9.215 ;
; N0         ; d           ; 9.317 ; 9.317 ; 9.317 ; 9.317 ;
; N0         ; e           ; 9.315 ; 9.315 ; 9.315 ; 9.315 ;
; N0         ; f           ; 9.094 ; 9.094 ; 9.094 ; 9.094 ;
; N0         ; g           ; 9.100 ; 9.100 ; 9.100 ; 9.100 ;
; N1         ; LED0        ; 6.163 ;       ;       ; 6.163 ;
; N1         ; LED2        ; 7.825 ; 7.825 ; 7.825 ; 7.825 ;
; N1         ; LED3        ; 7.812 ; 7.812 ; 7.812 ; 7.812 ;
; N1         ; a           ; 9.051 ; 9.051 ; 9.051 ; 9.051 ;
; N1         ; b           ; 8.963 ; 8.963 ; 8.963 ; 8.963 ;
; N1         ; c           ; 9.105 ; 9.105 ; 9.105 ; 9.105 ;
; N1         ; d           ; 9.207 ; 9.207 ; 9.207 ; 9.207 ;
; N1         ; e           ; 9.205 ; 9.205 ; 9.205 ; 9.205 ;
; N1         ; f           ; 8.984 ; 8.984 ; 8.984 ; 8.984 ;
; N1         ; g           ; 8.990 ; 8.990 ; 8.990 ; 8.990 ;
; N2         ; LED0        ; 6.256 ;       ;       ; 6.256 ;
; N2         ; LED2        ; 6.766 ; 6.766 ; 6.766 ; 6.766 ;
; N2         ; LED3        ; 6.753 ; 6.753 ; 6.753 ; 6.753 ;
; N2         ; a           ; 7.992 ; 7.992 ; 7.992 ; 7.992 ;
; N2         ; b           ; 7.904 ; 7.904 ; 7.904 ; 7.904 ;
; N2         ; c           ; 8.046 ; 8.046 ; 8.046 ; 8.046 ;
; N2         ; d           ; 8.148 ; 8.148 ; 8.148 ; 8.148 ;
; N2         ; e           ; 8.146 ; 8.146 ; 8.146 ; 8.146 ;
; N2         ; f           ; 7.925 ; 7.925 ; 7.925 ; 7.925 ;
; N2         ; g           ; 7.931 ; 7.931 ; 7.931 ; 7.931 ;
; N_Symbol   ; LED0        ; 6.212 ;       ;       ; 6.212 ;
; N_Symbol   ; LED2        ; 7.849 ; 7.849 ; 7.849 ; 7.849 ;
; N_Symbol   ; LED3        ; 7.836 ; 7.836 ; 7.836 ; 7.836 ;
; N_Symbol   ; a           ; 9.075 ; 9.075 ; 9.075 ; 9.075 ;
; N_Symbol   ; b           ; 8.987 ; 8.987 ; 8.987 ; 8.987 ;
; N_Symbol   ; c           ; 9.129 ; 9.129 ; 9.129 ; 9.129 ;
; N_Symbol   ; d           ; 9.231 ; 9.231 ; 9.231 ; 9.231 ;
; N_Symbol   ; e           ; 9.229 ; 9.229 ; 9.229 ; 9.229 ;
; N_Symbol   ; f           ; 9.008 ; 9.008 ; 9.008 ; 9.008 ;
; N_Symbol   ; g           ; 9.014 ; 9.014 ; 9.014 ; 9.014 ;
+------------+-------------+-------+-------+-------+-------+


+----------------------------------------------------------+
; Minimum Propagation Delay                                ;
+------------+-------------+-------+-------+-------+-------+
; Input Port ; Output Port ; RR    ; RF    ; FR    ; FF    ;
+------------+-------------+-------+-------+-------+-------+
; KEY0       ; DIG0        ; 5.860 ;       ;       ; 5.860 ;
; KEY0       ; DIG1        ;       ; 5.858 ; 5.858 ;       ;
; KEY0       ; DIG2        ; 5.713 ;       ;       ; 5.713 ;
; KEY0       ; DIG3        ;       ; 5.866 ; 5.866 ;       ;
; KEY0       ; LED0        ; 5.876 ;       ;       ; 5.876 ;
; KEY0       ; LED1        ;       ; 5.880 ; 5.880 ;       ;
; KEY0       ; LED2        ; 6.013 ;       ;       ; 6.013 ;
; KEY0       ; LED3        ;       ; 5.997 ; 5.997 ;       ;
; KEY0       ; a           ; 6.179 ; 6.172 ; 6.172 ; 6.179 ;
; KEY0       ; b           ; 6.091 ; 6.080 ; 6.080 ; 6.091 ;
; KEY0       ; c           ; 6.217 ; 6.233 ; 6.233 ; 6.217 ;
; KEY0       ; d           ; 6.324 ; 6.324 ; 6.324 ; 6.324 ;
; KEY0       ; e           ; 6.333 ; 6.321 ; 6.321 ; 6.333 ;
; KEY0       ; f           ; 6.094 ; 6.112 ; 6.112 ; 6.094 ;
; KEY0       ; g           ; 6.118 ; 6.102 ; 6.102 ; 6.118 ;
; KEY1       ; DIG0        ; 5.690 ;       ;       ; 5.690 ;
; KEY1       ; DIG1        ; 5.693 ;       ;       ; 5.693 ;
; KEY1       ; DIG2        ;       ; 5.462 ; 5.462 ;       ;
; KEY1       ; DIG3        ;       ; 5.701 ; 5.701 ;       ;
; KEY1       ; LED0        ; 5.849 ;       ;       ; 5.849 ;
; KEY1       ; LED1        ; 5.854 ;       ;       ; 5.854 ;
; KEY1       ; LED2        ;       ; 5.752 ; 5.752 ;       ;
; KEY1       ; LED3        ;       ; 5.741 ; 5.741 ;       ;
; KEY1       ; a           ; 5.917 ; 6.209 ; 6.209 ; 5.917 ;
; KEY1       ; b           ; 5.825 ; 6.114 ; 6.114 ; 5.825 ;
; KEY1       ; c           ; 6.276 ; 5.962 ; 5.962 ; 6.276 ;
; KEY1       ; d           ; 6.069 ; 6.069 ; 6.069 ; 6.069 ;
; KEY1       ; e           ; 6.066 ; 6.344 ; 6.344 ; 6.066 ;
; KEY1       ; f           ; 6.118 ; 5.839 ; 5.839 ; 6.118 ;
; KEY1       ; g           ; 5.847 ; 6.129 ; 6.129 ; 5.847 ;
; M0         ; LED1        ; 6.287 ;       ;       ; 6.287 ;
; M0         ; LED2        ; 6.869 ; 6.869 ; 6.869 ; 6.869 ;
; M0         ; LED3        ; 6.856 ; 6.856 ; 6.856 ; 6.856 ;
; M0         ; a           ; 6.373 ; 6.373 ; 6.373 ; 6.373 ;
; M0         ; b           ; 6.278 ; 6.278 ; 6.278 ; 6.278 ;
; M0         ; c           ; 6.440 ; 6.440 ; 6.440 ; 6.440 ;
; M0         ; d           ; 6.525 ; 6.525 ; 6.525 ; 6.525 ;
; M0         ; e           ; 6.508 ; 6.508 ; 6.508 ; 6.508 ;
; M0         ; f           ; 6.282 ; 6.282 ; 6.282 ; 6.282 ;
; M0         ; g           ; 6.293 ; 6.293 ; 6.293 ; 6.293 ;
; M1         ; LED1        ; 6.138 ;       ;       ; 6.138 ;
; M1         ; LED2        ; 6.720 ; 6.720 ; 6.720 ; 6.720 ;
; M1         ; LED3        ; 6.707 ; 6.707 ; 6.707 ; 6.707 ;
; M1         ; a           ; 6.610 ; 6.688 ; 6.688 ; 6.610 ;
; M1         ; b           ; 6.515 ; 6.515 ; 6.515 ; 6.515 ;
; M1         ; c           ; 6.755 ; 6.677 ; 6.677 ; 6.755 ;
; M1         ; d           ; 6.762 ; 6.762 ; 6.762 ; 6.762 ;
; M1         ; e           ; 6.745 ; 6.823 ; 6.823 ; 6.745 ;
; M1         ; f           ; 6.597 ; 6.519 ; 6.519 ; 6.597 ;
; M1         ; g           ; 6.530 ; 6.530 ; 6.530 ; 6.530 ;
; M2         ; LED1        ; 6.111 ;       ;       ; 6.111 ;
; M2         ; LED2        ; 6.693 ; 6.693 ; 6.693 ; 6.693 ;
; M2         ; LED3        ; 6.680 ; 6.680 ; 6.680 ; 6.680 ;
; M2         ; a           ; 6.467 ; 6.514 ; 6.514 ; 6.467 ;
; M2         ; b           ; 6.907 ; 6.422 ; 6.422 ; 6.907 ;
; M2         ; c           ; 6.559 ; 7.069 ; 7.069 ; 6.559 ;
; M2         ; d           ; 6.666 ; 6.666 ; 6.666 ; 6.666 ;
; M2         ; e           ; 7.137 ; 6.663 ; 6.663 ; 7.137 ;
; M2         ; f           ; 6.379 ; 6.911 ; 6.911 ; 6.379 ;
; M2         ; g           ; 6.389 ; 6.444 ; 6.444 ; 6.389 ;
; M_Symbol   ; LED1        ; 6.204 ;       ;       ; 6.204 ;
; M_Symbol   ; LED2        ; 6.786 ; 6.786 ; 6.786 ; 6.786 ;
; M_Symbol   ; LED3        ; 6.773 ; 6.773 ; 6.773 ; 6.773 ;
; M_Symbol   ; a           ; 6.716 ; 6.716 ; 6.716 ; 6.716 ;
; M_Symbol   ; b           ; 6.621 ; 6.621 ; 6.621 ; 6.621 ;
; M_Symbol   ; c           ; 6.783 ; 6.783 ; 6.783 ; 6.783 ;
; M_Symbol   ; d           ; 6.868 ; 6.868 ; 6.868 ; 6.868 ;
; M_Symbol   ; e           ; 6.851 ; 6.851 ; 6.851 ; 6.851 ;
; M_Symbol   ; f           ; 6.625 ; 6.625 ; 6.625 ; 6.625 ;
; M_Symbol   ; g           ; 6.636 ; 6.636 ; 6.636 ; 6.636 ;
; N0         ; LED0        ; 6.277 ;       ;       ; 6.277 ;
; N0         ; LED2        ; 6.745 ; 6.745 ; 6.745 ; 6.745 ;
; N0         ; LED3        ; 6.732 ; 6.732 ; 6.732 ; 6.732 ;
; N0         ; a           ; 6.494 ; 6.494 ; 6.494 ; 6.494 ;
; N0         ; b           ; 6.406 ; 6.406 ; 6.406 ; 6.406 ;
; N0         ; c           ; 6.548 ; 6.548 ; 6.548 ; 6.548 ;
; N0         ; d           ; 6.650 ; 6.650 ; 6.650 ; 6.650 ;
; N0         ; e           ; 6.648 ; 6.648 ; 6.648 ; 6.648 ;
; N0         ; f           ; 6.427 ; 6.427 ; 6.427 ; 6.427 ;
; N0         ; g           ; 6.433 ; 6.433 ; 6.433 ; 6.433 ;
; N1         ; LED0        ; 6.163 ;       ;       ; 6.163 ;
; N1         ; LED2        ; 6.632 ; 6.632 ; 6.632 ; 6.632 ;
; N1         ; LED3        ; 6.619 ; 6.619 ; 6.619 ; 6.619 ;
; N1         ; a           ; 6.614 ; 6.869 ; 6.869 ; 6.614 ;
; N1         ; b           ; 6.519 ; 6.519 ; 6.519 ; 6.519 ;
; N1         ; c           ; 6.936 ; 6.681 ; 6.681 ; 6.936 ;
; N1         ; d           ; 6.766 ; 6.766 ; 6.766 ; 6.766 ;
; N1         ; e           ; 6.749 ; 7.004 ; 7.004 ; 6.749 ;
; N1         ; f           ; 6.778 ; 6.523 ; 6.523 ; 6.778 ;
; N1         ; g           ; 6.534 ; 6.534 ; 6.534 ; 6.534 ;
; N2         ; LED0        ; 6.256 ;       ;       ; 6.256 ;
; N2         ; LED2        ; 6.725 ; 6.725 ; 6.725 ; 6.725 ;
; N2         ; LED3        ; 6.712 ; 6.712 ; 6.712 ; 6.712 ;
; N2         ; a           ; 6.537 ; 6.584 ; 6.584 ; 6.537 ;
; N2         ; b           ; 6.939 ; 6.492 ; 6.492 ; 6.939 ;
; N2         ; c           ; 6.629 ; 7.101 ; 7.101 ; 6.629 ;
; N2         ; d           ; 6.736 ; 6.736 ; 6.736 ; 6.736 ;
; N2         ; e           ; 7.169 ; 6.733 ; 6.733 ; 7.169 ;
; N2         ; f           ; 6.449 ; 6.943 ; 6.943 ; 6.449 ;
; N2         ; g           ; 6.459 ; 6.514 ; 6.514 ; 6.459 ;
; N_Symbol   ; LED0        ; 6.212 ;       ;       ; 6.212 ;
; N_Symbol   ; LED2        ; 6.480 ; 6.480 ; 6.480 ; 6.480 ;
; N_Symbol   ; LED3        ; 6.467 ; 6.467 ; 6.467 ; 6.467 ;
; N_Symbol   ; a           ; 6.789 ; 6.789 ; 6.789 ; 6.789 ;
; N_Symbol   ; b           ; 6.694 ; 6.694 ; 6.694 ; 6.694 ;
; N_Symbol   ; c           ; 6.856 ; 6.856 ; 6.856 ; 6.856 ;
; N_Symbol   ; d           ; 6.941 ; 6.941 ; 6.941 ; 6.941 ;
; N_Symbol   ; e           ; 6.924 ; 6.924 ; 6.924 ; 6.924 ;
; N_Symbol   ; f           ; 6.698 ; 6.698 ; 6.698 ; 6.698 ;
; N_Symbol   ; g           ; 6.709 ; 6.709 ; 6.709 ; 6.709 ;
+------------+-------------+-------+-------+-------+-------+


+----------------------------------------------------------------------------+
; Multicorner Timing Analysis Summary                                        ;
+------------------+-------+------+----------+---------+---------------------+
; Clock            ; Setup ; Hold ; Recovery ; Removal ; Minimum Pulse Width ;
+------------------+-------+------+----------+---------+---------------------+
; Worst-case Slack ; N/A   ; N/A  ; N/A      ; N/A     ; N/A                 ;
; Design-wide TNS  ; 0.0   ; 0.0  ; 0.0      ; 0.0     ; 0.0                 ;
+------------------+-------+------+----------+---------+---------------------+


+--------------------------------------------------------------+
; Progagation Delay                                            ;
+------------+-------------+--------+--------+--------+--------+
; Input Port ; Output Port ; RR     ; RF     ; FR     ; FF     ;
+------------+-------------+--------+--------+--------+--------+
; KEY0       ; DIG0        ; 12.867 ;        ;        ; 12.867 ;
; KEY0       ; DIG1        ;        ; 12.787 ; 12.787 ;        ;
; KEY0       ; DIG2        ; 12.489 ;        ;        ; 12.489 ;
; KEY0       ; DIG3        ;        ; 12.915 ; 12.915 ;        ;
; KEY0       ; LED0        ; 12.624 ;        ;        ; 12.624 ;
; KEY0       ; LED1        ;        ; 12.628 ; 12.628 ;        ;
; KEY0       ; LED2        ; 13.070 ;        ;        ; 13.070 ;
; KEY0       ; LED3        ;        ; 12.962 ; 12.962 ;        ;
; KEY0       ; a           ; 15.672 ; 15.672 ; 15.672 ; 15.672 ;
; KEY0       ; b           ; 15.365 ; 15.365 ; 15.365 ; 15.365 ;
; KEY0       ; c           ; 15.768 ; 15.768 ; 15.768 ; 15.768 ;
; KEY0       ; d           ; 15.931 ; 15.931 ; 15.931 ; 15.931 ;
; KEY0       ; e           ; 15.927 ; 15.927 ; 15.927 ; 15.927 ;
; KEY0       ; f           ; 15.374 ; 15.374 ; 15.374 ; 15.374 ;
; KEY0       ; g           ; 15.384 ; 15.384 ; 15.384 ; 15.384 ;
; KEY1       ; DIG0        ; 12.348 ;        ;        ; 12.348 ;
; KEY1       ; DIG1        ; 12.354 ;        ;        ; 12.354 ;
; KEY1       ; DIG2        ;        ; 11.603 ; 11.603 ;        ;
; KEY1       ; DIG3        ;        ; 12.362 ; 12.362 ;        ;
; KEY1       ; LED0        ; 12.550 ;        ;        ; 12.550 ;
; KEY1       ; LED1        ; 12.594 ;        ;        ; 12.594 ;
; KEY1       ; LED2        ;        ; 12.170 ; 12.170 ;        ;
; KEY1       ; LED3        ;        ; 12.149 ; 12.149 ;        ;
; KEY1       ; a           ; 15.111 ; 15.213 ; 15.213 ; 15.111 ;
; KEY1       ; b           ; 14.423 ; 14.906 ; 14.906 ; 14.423 ;
; KEY1       ; c           ; 15.309 ; 14.829 ; 14.829 ; 15.309 ;
; KEY1       ; d           ; 15.472 ; 15.472 ; 15.472 ; 15.472 ;
; KEY1       ; e           ; 14.976 ; 15.468 ; 15.468 ; 14.976 ;
; KEY1       ; f           ; 14.915 ; 14.427 ; 14.427 ; 14.915 ;
; KEY1       ; g           ; 14.817 ; 14.925 ; 14.925 ; 14.817 ;
; M0         ; LED1        ; 14.000 ;        ;        ; 14.000 ;
; M0         ; LED2        ; 19.027 ; 19.027 ; 19.027 ; 19.027 ;
; M0         ; LED3        ; 19.005 ; 19.005 ; 19.005 ; 19.005 ;
; M0         ; a           ; 23.704 ; 23.704 ; 23.704 ; 23.704 ;
; M0         ; b           ; 23.354 ; 23.354 ; 23.354 ; 23.354 ;
; M0         ; c           ; 23.729 ; 23.729 ; 23.729 ; 23.729 ;
; M0         ; d           ; 23.970 ; 23.970 ; 23.970 ; 23.970 ;
; M0         ; e           ; 23.967 ; 23.967 ; 23.967 ; 23.967 ;
; M0         ; f           ; 23.416 ; 23.416 ; 23.416 ; 23.416 ;
; M0         ; g           ; 23.423 ; 23.423 ; 23.423 ; 23.423 ;
; M1         ; LED1        ; 13.626 ;        ;        ; 13.626 ;
; M1         ; LED2        ; 18.652 ; 18.652 ; 18.652 ; 18.652 ;
; M1         ; LED3        ; 18.630 ; 18.630 ; 18.630 ; 18.630 ;
; M1         ; a           ; 23.329 ; 23.329 ; 23.329 ; 23.329 ;
; M1         ; b           ; 22.979 ; 22.979 ; 22.979 ; 22.979 ;
; M1         ; c           ; 23.354 ; 23.354 ; 23.354 ; 23.354 ;
; M1         ; d           ; 23.595 ; 23.595 ; 23.595 ; 23.595 ;
; M1         ; e           ; 23.592 ; 23.592 ; 23.592 ; 23.592 ;
; M1         ; f           ; 23.041 ; 23.041 ; 23.041 ; 23.041 ;
; M1         ; g           ; 23.048 ; 23.048 ; 23.048 ; 23.048 ;
; M2         ; LED1        ; 13.478 ;        ;        ; 13.478 ;
; M2         ; LED2        ; 16.414 ; 16.414 ; 16.414 ; 16.414 ;
; M2         ; LED3        ; 16.392 ; 16.392 ; 16.392 ; 16.392 ;
; M2         ; a           ; 21.091 ; 21.091 ; 21.091 ; 21.091 ;
; M2         ; b           ; 20.741 ; 20.741 ; 20.741 ; 20.741 ;
; M2         ; c           ; 21.116 ; 21.116 ; 21.116 ; 21.116 ;
; M2         ; d           ; 21.357 ; 21.357 ; 21.357 ; 21.357 ;
; M2         ; e           ; 21.354 ; 21.354 ; 21.354 ; 21.354 ;
; M2         ; f           ; 20.803 ; 20.803 ; 20.803 ; 20.803 ;
; M2         ; g           ; 20.810 ; 20.810 ; 20.810 ; 20.810 ;
; M_Symbol   ; LED1        ; 13.866 ;        ;        ; 13.866 ;
; M_Symbol   ; LED2        ; 18.821 ; 18.821 ; 18.821 ; 18.821 ;
; M_Symbol   ; LED3        ; 18.799 ; 18.799 ; 18.799 ; 18.799 ;
; M_Symbol   ; a           ; 23.498 ; 23.498 ; 23.498 ; 23.498 ;
; M_Symbol   ; b           ; 23.148 ; 23.148 ; 23.148 ; 23.148 ;
; M_Symbol   ; c           ; 23.523 ; 23.523 ; 23.523 ; 23.523 ;
; M_Symbol   ; d           ; 23.764 ; 23.764 ; 23.764 ; 23.764 ;
; M_Symbol   ; e           ; 23.761 ; 23.761 ; 23.761 ; 23.761 ;
; M_Symbol   ; f           ; 23.210 ; 23.210 ; 23.210 ; 23.210 ;
; M_Symbol   ; g           ; 23.217 ; 23.217 ; 23.217 ; 23.217 ;
; N0         ; LED0        ; 13.932 ;        ;        ; 13.932 ;
; N0         ; LED2        ; 19.545 ; 19.545 ; 19.545 ; 19.545 ;
; N0         ; LED3        ; 19.523 ; 19.523 ; 19.523 ; 19.523 ;
; N0         ; a           ; 24.222 ; 24.222 ; 24.222 ; 24.222 ;
; N0         ; b           ; 23.872 ; 23.872 ; 23.872 ; 23.872 ;
; N0         ; c           ; 24.247 ; 24.247 ; 24.247 ; 24.247 ;
; N0         ; d           ; 24.488 ; 24.488 ; 24.488 ; 24.488 ;
; N0         ; e           ; 24.485 ; 24.485 ; 24.485 ; 24.485 ;
; N0         ; f           ; 23.934 ; 23.934 ; 23.934 ; 23.934 ;
; N0         ; g           ; 23.941 ; 23.941 ; 23.941 ; 23.941 ;
; N1         ; LED0        ; 13.510 ;        ;        ; 13.510 ;
; N1         ; LED2        ; 19.122 ; 19.122 ; 19.122 ; 19.122 ;
; N1         ; LED3        ; 19.100 ; 19.100 ; 19.100 ; 19.100 ;
; N1         ; a           ; 23.799 ; 23.799 ; 23.799 ; 23.799 ;
; N1         ; b           ; 23.449 ; 23.449 ; 23.449 ; 23.449 ;
; N1         ; c           ; 23.824 ; 23.824 ; 23.824 ; 23.824 ;
; N1         ; d           ; 24.065 ; 24.065 ; 24.065 ; 24.065 ;
; N1         ; e           ; 24.062 ; 24.062 ; 24.062 ; 24.062 ;
; N1         ; f           ; 23.511 ; 23.511 ; 23.511 ; 23.511 ;
; N1         ; g           ; 23.518 ; 23.518 ; 23.518 ; 23.518 ;
; N2         ; LED0        ; 13.928 ;        ;        ; 13.928 ;
; N2         ; LED2        ; 15.557 ; 15.557 ; 15.557 ; 15.557 ;
; N2         ; LED3        ; 15.535 ; 15.535 ; 15.535 ; 15.535 ;
; N2         ; a           ; 20.234 ; 20.234 ; 20.234 ; 20.234 ;
; N2         ; b           ; 19.884 ; 19.884 ; 19.884 ; 19.884 ;
; N2         ; c           ; 20.259 ; 20.259 ; 20.259 ; 20.259 ;
; N2         ; d           ; 20.500 ; 20.500 ; 20.500 ; 20.500 ;
; N2         ; e           ; 20.497 ; 20.497 ; 20.497 ; 20.497 ;
; N2         ; f           ; 19.946 ; 19.946 ; 19.946 ; 19.946 ;
; N2         ; g           ; 19.953 ; 19.953 ; 19.953 ; 19.953 ;
; N_Symbol   ; LED0        ; 13.631 ;        ;        ; 13.631 ;
; N_Symbol   ; LED2        ; 19.253 ; 19.253 ; 19.253 ; 19.253 ;
; N_Symbol   ; LED3        ; 19.231 ; 19.231 ; 19.231 ; 19.231 ;
; N_Symbol   ; a           ; 23.930 ; 23.930 ; 23.930 ; 23.930 ;
; N_Symbol   ; b           ; 23.580 ; 23.580 ; 23.580 ; 23.580 ;
; N_Symbol   ; c           ; 23.955 ; 23.955 ; 23.955 ; 23.955 ;
; N_Symbol   ; d           ; 24.196 ; 24.196 ; 24.196 ; 24.196 ;
; N_Symbol   ; e           ; 24.193 ; 24.193 ; 24.193 ; 24.193 ;
; N_Symbol   ; f           ; 23.642 ; 23.642 ; 23.642 ; 23.642 ;
; N_Symbol   ; g           ; 23.649 ; 23.649 ; 23.649 ; 23.649 ;
+------------+-------------+--------+--------+--------+--------+


+----------------------------------------------------------+
; Minimum Progagation Delay                                ;
+------------+-------------+-------+-------+-------+-------+
; Input Port ; Output Port ; RR    ; RF    ; FR    ; FF    ;
+------------+-------------+-------+-------+-------+-------+
; KEY0       ; DIG0        ; 5.860 ;       ;       ; 5.860 ;
; KEY0       ; DIG1        ;       ; 5.858 ; 5.858 ;       ;
; KEY0       ; DIG2        ; 5.713 ;       ;       ; 5.713 ;
; KEY0       ; DIG3        ;       ; 5.866 ; 5.866 ;       ;
; KEY0       ; LED0        ; 5.876 ;       ;       ; 5.876 ;
; KEY0       ; LED1        ;       ; 5.880 ; 5.880 ;       ;
; KEY0       ; LED2        ; 6.013 ;       ;       ; 6.013 ;
; KEY0       ; LED3        ;       ; 5.997 ; 5.997 ;       ;
; KEY0       ; a           ; 6.179 ; 6.172 ; 6.172 ; 6.179 ;
; KEY0       ; b           ; 6.091 ; 6.080 ; 6.080 ; 6.091 ;
; KEY0       ; c           ; 6.217 ; 6.233 ; 6.233 ; 6.217 ;
; KEY0       ; d           ; 6.324 ; 6.324 ; 6.324 ; 6.324 ;
; KEY0       ; e           ; 6.333 ; 6.321 ; 6.321 ; 6.333 ;
; KEY0       ; f           ; 6.094 ; 6.112 ; 6.112 ; 6.094 ;
; KEY0       ; g           ; 6.118 ; 6.102 ; 6.102 ; 6.118 ;
; KEY1       ; DIG0        ; 5.690 ;       ;       ; 5.690 ;
; KEY1       ; DIG1        ; 5.693 ;       ;       ; 5.693 ;
; KEY1       ; DIG2        ;       ; 5.462 ; 5.462 ;       ;
; KEY1       ; DIG3        ;       ; 5.701 ; 5.701 ;       ;
; KEY1       ; LED0        ; 5.849 ;       ;       ; 5.849 ;
; KEY1       ; LED1        ; 5.854 ;       ;       ; 5.854 ;
; KEY1       ; LED2        ;       ; 5.752 ; 5.752 ;       ;
; KEY1       ; LED3        ;       ; 5.741 ; 5.741 ;       ;
; KEY1       ; a           ; 5.917 ; 6.209 ; 6.209 ; 5.917 ;
; KEY1       ; b           ; 5.825 ; 6.114 ; 6.114 ; 5.825 ;
; KEY1       ; c           ; 6.276 ; 5.962 ; 5.962 ; 6.276 ;
; KEY1       ; d           ; 6.069 ; 6.069 ; 6.069 ; 6.069 ;
; KEY1       ; e           ; 6.066 ; 6.344 ; 6.344 ; 6.066 ;
; KEY1       ; f           ; 6.118 ; 5.839 ; 5.839 ; 6.118 ;
; KEY1       ; g           ; 5.847 ; 6.129 ; 6.129 ; 5.847 ;
; M0         ; LED1        ; 6.287 ;       ;       ; 6.287 ;
; M0         ; LED2        ; 6.869 ; 6.869 ; 6.869 ; 6.869 ;
; M0         ; LED3        ; 6.856 ; 6.856 ; 6.856 ; 6.856 ;
; M0         ; a           ; 6.373 ; 6.373 ; 6.373 ; 6.373 ;
; M0         ; b           ; 6.278 ; 6.278 ; 6.278 ; 6.278 ;
; M0         ; c           ; 6.440 ; 6.440 ; 6.440 ; 6.440 ;
; M0         ; d           ; 6.525 ; 6.525 ; 6.525 ; 6.525 ;
; M0         ; e           ; 6.508 ; 6.508 ; 6.508 ; 6.508 ;
; M0         ; f           ; 6.282 ; 6.282 ; 6.282 ; 6.282 ;
; M0         ; g           ; 6.293 ; 6.293 ; 6.293 ; 6.293 ;
; M1         ; LED1        ; 6.138 ;       ;       ; 6.138 ;
; M1         ; LED2        ; 6.720 ; 6.720 ; 6.720 ; 6.720 ;
; M1         ; LED3        ; 6.707 ; 6.707 ; 6.707 ; 6.707 ;
; M1         ; a           ; 6.610 ; 6.688 ; 6.688 ; 6.610 ;
; M1         ; b           ; 6.515 ; 6.515 ; 6.515 ; 6.515 ;
; M1         ; c           ; 6.755 ; 6.677 ; 6.677 ; 6.755 ;
; M1         ; d           ; 6.762 ; 6.762 ; 6.762 ; 6.762 ;
; M1         ; e           ; 6.745 ; 6.823 ; 6.823 ; 6.745 ;
; M1         ; f           ; 6.597 ; 6.519 ; 6.519 ; 6.597 ;
; M1         ; g           ; 6.530 ; 6.530 ; 6.530 ; 6.530 ;
; M2         ; LED1        ; 6.111 ;       ;       ; 6.111 ;
; M2         ; LED2        ; 6.693 ; 6.693 ; 6.693 ; 6.693 ;
; M2         ; LED3        ; 6.680 ; 6.680 ; 6.680 ; 6.680 ;
; M2         ; a           ; 6.467 ; 6.514 ; 6.514 ; 6.467 ;
; M2         ; b           ; 6.907 ; 6.422 ; 6.422 ; 6.907 ;
; M2         ; c           ; 6.559 ; 7.069 ; 7.069 ; 6.559 ;
; M2         ; d           ; 6.666 ; 6.666 ; 6.666 ; 6.666 ;
; M2         ; e           ; 7.137 ; 6.663 ; 6.663 ; 7.137 ;
; M2         ; f           ; 6.379 ; 6.911 ; 6.911 ; 6.379 ;
; M2         ; g           ; 6.389 ; 6.444 ; 6.444 ; 6.389 ;
; M_Symbol   ; LED1        ; 6.204 ;       ;       ; 6.204 ;
; M_Symbol   ; LED2        ; 6.786 ; 6.786 ; 6.786 ; 6.786 ;
; M_Symbol   ; LED3        ; 6.773 ; 6.773 ; 6.773 ; 6.773 ;
; M_Symbol   ; a           ; 6.716 ; 6.716 ; 6.716 ; 6.716 ;
; M_Symbol   ; b           ; 6.621 ; 6.621 ; 6.621 ; 6.621 ;
; M_Symbol   ; c           ; 6.783 ; 6.783 ; 6.783 ; 6.783 ;
; M_Symbol   ; d           ; 6.868 ; 6.868 ; 6.868 ; 6.868 ;
; M_Symbol   ; e           ; 6.851 ; 6.851 ; 6.851 ; 6.851 ;
; M_Symbol   ; f           ; 6.625 ; 6.625 ; 6.625 ; 6.625 ;
; M_Symbol   ; g           ; 6.636 ; 6.636 ; 6.636 ; 6.636 ;
; N0         ; LED0        ; 6.277 ;       ;       ; 6.277 ;
; N0         ; LED2        ; 6.745 ; 6.745 ; 6.745 ; 6.745 ;
; N0         ; LED3        ; 6.732 ; 6.732 ; 6.732 ; 6.732 ;
; N0         ; a           ; 6.494 ; 6.494 ; 6.494 ; 6.494 ;
; N0         ; b           ; 6.406 ; 6.406 ; 6.406 ; 6.406 ;
; N0         ; c           ; 6.548 ; 6.548 ; 6.548 ; 6.548 ;
; N0         ; d           ; 6.650 ; 6.650 ; 6.650 ; 6.650 ;
; N0         ; e           ; 6.648 ; 6.648 ; 6.648 ; 6.648 ;
; N0         ; f           ; 6.427 ; 6.427 ; 6.427 ; 6.427 ;
; N0         ; g           ; 6.433 ; 6.433 ; 6.433 ; 6.433 ;
; N1         ; LED0        ; 6.163 ;       ;       ; 6.163 ;
; N1         ; LED2        ; 6.632 ; 6.632 ; 6.632 ; 6.632 ;
; N1         ; LED3        ; 6.619 ; 6.619 ; 6.619 ; 6.619 ;
; N1         ; a           ; 6.614 ; 6.869 ; 6.869 ; 6.614 ;
; N1         ; b           ; 6.519 ; 6.519 ; 6.519 ; 6.519 ;
; N1         ; c           ; 6.936 ; 6.681 ; 6.681 ; 6.936 ;
; N1         ; d           ; 6.766 ; 6.766 ; 6.766 ; 6.766 ;
; N1         ; e           ; 6.749 ; 7.004 ; 7.004 ; 6.749 ;
; N1         ; f           ; 6.778 ; 6.523 ; 6.523 ; 6.778 ;
; N1         ; g           ; 6.534 ; 6.534 ; 6.534 ; 6.534 ;
; N2         ; LED0        ; 6.256 ;       ;       ; 6.256 ;
; N2         ; LED2        ; 6.725 ; 6.725 ; 6.725 ; 6.725 ;
; N2         ; LED3        ; 6.712 ; 6.712 ; 6.712 ; 6.712 ;
; N2         ; a           ; 6.537 ; 6.584 ; 6.584 ; 6.537 ;
; N2         ; b           ; 6.939 ; 6.492 ; 6.492 ; 6.939 ;
; N2         ; c           ; 6.629 ; 7.101 ; 7.101 ; 6.629 ;
; N2         ; d           ; 6.736 ; 6.736 ; 6.736 ; 6.736 ;
; N2         ; e           ; 7.169 ; 6.733 ; 6.733 ; 7.169 ;
; N2         ; f           ; 6.449 ; 6.943 ; 6.943 ; 6.449 ;
; N2         ; g           ; 6.459 ; 6.514 ; 6.514 ; 6.459 ;
; N_Symbol   ; LED0        ; 6.212 ;       ;       ; 6.212 ;
; N_Symbol   ; LED2        ; 6.480 ; 6.480 ; 6.480 ; 6.480 ;
; N_Symbol   ; LED3        ; 6.467 ; 6.467 ; 6.467 ; 6.467 ;
; N_Symbol   ; a           ; 6.789 ; 6.789 ; 6.789 ; 6.789 ;
; N_Symbol   ; b           ; 6.694 ; 6.694 ; 6.694 ; 6.694 ;
; N_Symbol   ; c           ; 6.856 ; 6.856 ; 6.856 ; 6.856 ;
; N_Symbol   ; d           ; 6.941 ; 6.941 ; 6.941 ; 6.941 ;
; N_Symbol   ; e           ; 6.924 ; 6.924 ; 6.924 ; 6.924 ;
; N_Symbol   ; f           ; 6.698 ; 6.698 ; 6.698 ; 6.698 ;
; N_Symbol   ; g           ; 6.709 ; 6.709 ; 6.709 ; 6.709 ;
+------------+-------------+-------+-------+-------+-------+


-------------------
; Clock Transfers ;
-------------------
Nothing to report.


---------------
; Report TCCS ;
---------------
No dedicated SERDES Transmitter circuitry present in device or used in design


---------------
; Report RSKM ;
---------------
No dedicated SERDES Receiver circuitry present in device or used in design


+------------------------------------------------+
; Unconstrained Paths                            ;
+---------------------------------+-------+------+
; Property                        ; Setup ; Hold ;
+---------------------------------+-------+------+
; Illegal Clocks                  ; 0     ; 0    ;
; Unconstrained Clocks            ; 0     ; 0    ;
; Unconstrained Input Ports       ; 10    ; 10   ;
; Unconstrained Input Port Paths  ; 110   ; 110  ;
; Unconstrained Output Ports      ; 15    ; 15   ;
; Unconstrained Output Port Paths ; 110   ; 110  ;
+---------------------------------+-------+------+


+------------------------------------+
; TimeQuest Timing Analyzer Messages ;
+------------------------------------+
Info: *******************************************************************
Info: Running Quartus II 64-Bit TimeQuest Timing Analyzer
    Info: Version 13.0.0 Build 156 04/24/2013 SJ Full Version
    Info: Processing started: Fri Nov 18 00:56:49 2022
Info: Command: quartus_sta Final -c Final
Info: qsta_default_script.tcl version: #1
Info (11104): Parallel Compilation has detected 8 hyper-threaded processors. However, the extra hyper-threaded processors will not be used by default. Parallel Compilation will use 4 of the 4 physical processors detected instead.
Info (21077): Low junction temperature is 0 degrees C
Info (21077): High junction temperature is 85 degrees C
Critical Warning (332012): Synopsys Design Constraints File file not found: 'Final.sdc'. A Synopsys Design Constraints File is required by the TimeQuest Timing Analyzer to get proper timing constraints. Without it, the Compiler will not properly optimize the design.
Info (332142): No user constrained base clocks found in the design. Calling "derive_clocks -period 1.0"
Info (332096): The command derive_clocks did not find any clocks to derive.  No clocks were created or changed.
Warning (332068): No clocks defined in design.
Info: Found TIMEQUEST_REPORT_SCRIPT_INCLUDE_DEFAULT_ANALYSIS = ON
Info (332159): No clocks to report
Info: Analyzing Slow Model
Info (332140): No fmax paths to report
Info (332140): No Setup paths to report
Info (332140): No Hold paths to report
Info (332140): No Recovery paths to report
Info (332140): No Removal paths to report
Info (332140): No Minimum Pulse Width paths to report
Info (332001): The selected device family is not supported by the report_metastability command.
Info: Analyzing Fast Model
Info (332142): No user constrained base clocks found in the design. Calling "derive_clocks -period 1.0"
Info (332096): The command derive_clocks did not find any clocks to derive.  No clocks were created or changed.
Warning (332068): No clocks defined in design.
Info (332140): No Setup paths to report
Info (332140): No Hold paths to report
Info (332140): No Recovery paths to report
Info (332140): No Removal paths to report
Info (332140): No Minimum Pulse Width paths to report
Info (332001): The selected device family is not supported by the report_metastability command.
Info (332102): Design is not fully constrained for setup requirements
Info (332102): Design is not fully constrained for hold requirements
Info: Quartus II 64-Bit TimeQuest Timing Analyzer was successful. 0 errors, 3 warnings
    Info: Peak virtual memory: 4573 megabytes
    Info: Processing ended: Fri Nov 18 00:56:51 2022
    Info: Elapsed time: 00:00:02
    Info: Total CPU time (on all processors): 00:00:02


